Microsoft Windows [Version 10.0.22621.1265]
(c) Microsoft Corporation. All rights reserved.

C:\Users\varar>git
usage: git [-v | --version] [-h | --help] [-C <path>] [-c <name>=<value>]
           [--exec-path[=<path>]] [--html-path] [--man-path] [--info-path]
           [-p | --paginate | -P | --no-pager] [--no-replace-objects] [--bare]
           [--git-dir=<path>] [--work-tree=<path>] [--namespace=<name>]
           [--config-env=<name>=<envvar>] <command> [<args>]

These are common Git commands used in various situations:

start a working area (see also: git help tutorial)
   clone     Clone a repository into a new directory
   init      Create an empty Git repository or reinitialize an existing one

work on the current change (see also: git help everyday)
   add       Add file contents to the index
   mv        Move or rename a file, a directory, or a symlink
   restore   Restore working tree files
   rm        Remove files from the working tree and from the index

examine the history and state (see also: git help revisions)
   bisect    Use binary search to find the commit that introduced a bug
   diff      Show changes between commits, commit and working tree, etc
   grep      Print lines matching a pattern
   log       Show commit logs
   show      Show various types of objects
   status    Show the working tree status

grow, mark and tweak your common history
   branch    List, create, or delete branches
   commit    Record changes to the repository
   merge     Join two or more development histories together
   rebase    Reapply commits on top of another base tip
   reset     Reset current HEAD to the specified state
   switch    Switch branches
   tag       Create, list, delete or verify a tag object signed with GPG

collaborate (see also: git help workflows)
   fetch     Download objects and refs from another repository
   pull      Fetch from and integrate with another repository or a local branch
   push      Update remote refs along with associated objects

'git help -a' and 'git help -g' list available subcommands and some
concept guides. See 'git help <command>' or 'git help <concept>'
to read about a specific subcommand or concept.
See 'git help git' for an overview of the system.

C:\Users\varar>cd C:\Users\varar\OneDrive\Desktop\git1

C:\Users\varar\OneDrive\Desktop\git1>dir
 Volume in drive C is OS
 Volume Serial Number is AC04-D573

 Directory of C:\Users\varar\OneDrive\Desktop\git1

03/23/2023  07:36 PM    <DIR>          .
03/23/2023  07:36 PM    <DIR>          ..
               0 File(s)              0 bytes
               2 Dir(s)  188,378,464,256 bytes free

C:\Users\varar\OneDrive\Desktop\git1>git init
Initialized empty Git repository in C:/Users/varar/OneDrive/Desktop/git1/.git/

C:\Users\varar\OneDrive\Desktop\git1>dir
 Volume in drive C is OS
 Volume Serial Number is AC04-D573

 Directory of C:\Users\varar\OneDrive\Desktop\git1

03/23/2023  07:40 PM    <DIR>          .
03/23/2023  07:36 PM    <DIR>          ..
               0 File(s)              0 bytes
               2 Dir(s)  188,371,038,208 bytes free

C:\Users\varar\OneDrive\Desktop\git1>dir /a
 Volume in drive C is OS
 Volume Serial Number is AC04-D573

 Directory of C:\Users\varar\OneDrive\Desktop\git1

03/23/2023  07:40 PM    <DIR>          .
03/23/2023  07:36 PM    <DIR>          ..
03/23/2023  07:40 PM    <DIR>          .git
               0 File(s)              0 bytes
               3 Dir(s)  188,373,917,696 bytes free

C:\Users\varar\OneDrive\Desktop\git1>type null >raghu.txt
The system cannot find the file specified.

C:\Users\varar\OneDrive\Desktop\git1>git status
On branch master

No commits yet

Untracked files:
  (use "git add <file>..." to include in what will be committed)
        raghu.txt

nothing added to commit but untracked files present (use "git add" to track)

C:\Users\varar\OneDrive\Desktop\git1>git add .

C:\Users\varar\OneDrive\Desktop\git1>git status
On branch master

No commits yet

Changes to be committed:
  (use "git rm --cached <file>..." to unstage)
        new file:   raghu.txt


C:\Users\varar\OneDrive\Desktop\git1>git commit -m "raghu file is created"
Author identity unknown

*** Please tell me who you are.

Run

  git config --global user.email "you@example.com"
  git config --global user.name "Your Name"

to set your account's default identity.
Omit --global to set the identity only in this repository.

fatal: unable to auto-detect email address (got 'varar@Raghuram.(none)')

C:\Users\varar\OneDrive\Desktop\git1>git config --global user.email "vararaghuram002@gmail.com"

C:\Users\varar\OneDrive\Desktop\git1>git config --global user.email "Raghu Ram"

C:\Users\varar\OneDrive\Desktop\git1>git config --global user.name "Raghu Ram"

C:\Users\varar\OneDrive\Desktop\git1>git commit -m "raghu file is created"
[master (root-commit) b2cc942] raghu file is created
 1 file changed, 0 insertions(+), 0 deletions(-)
 create mode 100644 raghu.txt

C:\Users\varar\OneDrive\Desktop\git1>git log
commit b2cc942e3454466a7d92a5e6ef51290857f9e50d (HEAD -> master)
Author: Raghu Ram <Raghu Ram>
Date:   Thu Mar 23 19:49:08 2023 +0530

    raghu file is created

C:\Users\varar\OneDrive\Desktop\git1>type null >rah.txt
The system cannot find the file specified.

C:\Users\varar\OneDrive\Desktop\git1>echo I am raghuram >raghu.txt

C:\Users\varar\OneDrive\Desktop\git1>git status
On branch master
Changes not staged for commit:
  (use "git add <file>..." to update what will be committed)
  (use "git restore <file>..." to discard changes in working directory)
        modified:   raghu.txt

Untracked files:
  (use "git add <file>..." to include in what will be committed)
        rah.txt

no changes added to commit (use "git add" and/or "git commit -a")

C:\Users\varar\OneDrive\Desktop\git1>git add .

C:\Users\varar\OneDrive\Desktop\git1>git status
On branch master
Changes to be committed:
  (use "git restore --staged <file>..." to unstage)
        modified:   raghu.txt
        new file:   rah.txt


C:\Users\varar\OneDrive\Desktop\git1>git commit -m "raghu file is created"
[master a9aa974] raghu file is created
 2 files changed, 1 insertion(+)
 create mode 100644 rah.txt

C:\Users\varar\OneDrive\Desktop\git1>git  log
commit a9aa974f6b0843fb6b3bc733f20d27ab57619d7d (HEAD -> master)
Author: Raghu Ram <Raghu Ram>
Date:   Thu Mar 23 19:53:11 2023 +0530

    raghu file is created

commit b2cc942e3454466a7d92a5e6ef51290857f9e50d
Author: Raghu Ram <Raghu Ram>
Date:   Thu Mar 23 19:49:08 2023 +0530

    raghu file is created

C:\Users\varar\OneDrive\Desktop\git1>git reset b2cc942e3454466a7d92a5e6ef51290857f9e50d
Unstaged changes after reset:
M       raghu.txt

C:\Users\varar\OneDrive\Desktop\git1>
C:\Users\varar\OneDrive\Desktop\git1>git status
On branch master
Changes not staged for commit:
  (use "git add <file>..." to update what will be committed)
  (use "git restore <file>..." to discard changes in working directory)
        modified:   raghu.txt

Untracked files:
  (use "git add <file>..." to include in what will be committed)
        rah.txt

no changes added to commit (use "git add" and/or "git commit -a")

C:\Users\varar\OneDrive\Desktop\git1>git add .

C:\Users\varar\OneDrive\Desktop\git1>git status
On branch master
Changes to be committed:
  (use "git restore --staged <file>..." to unstage)
        modified:   raghu.txt
        new file:   rah.txt


C:\Users\varar\OneDrive\Desktop\git1>git commit -m "raghu file is created"
[master 20d211c] raghu file is created
 2 files changed, 1 insertion(+)
 create mode 100644 rah.txt

C:\Users\varar\OneDrive\Desktop\git1>type null >bhoju.txt
The system cannot find the file specified.

C:\Users\varar\OneDrive\Desktop\git1>git status
On branch master
Untracked files:
  (use "git add <file>..." to include in what will be committed)
        bhoju.txt

nothing added to commit but untracked files present (use "git add" to track)

C:\Users\varar\OneDrive\Desktop\git1>git add .

C:\Users\varar\OneDrive\Desktop\git1>git status
On branch master
Changes to be committed:
  (use "git restore --staged <file>..." to unstage)
        new file:   bhoju.txt


C:\Users\varar\OneDrive\Desktop\git1>git commit -m "bhoju is created"
[master e6eccb8] bhoju is created
 1 file changed, 0 insertions(+), 0 deletions(-)
 create mode 100644 bhoju.txt

C:\Users\varar\OneDrive\Desktop\git1>git log
commit e6eccb84ce8b8609669c05c17a6334cf553e02b2 (HEAD -> master)
Author: Raghu Ram <Raghu Ram>
Date:   Thu Mar 23 20:05:06 2023 +0530

    bhoju is created

commit 20d211c17968b0b9e7bc7d03f7d7927c3f6c3e4f
Author: Raghu Ram <Raghu Ram>
Date:   Thu Mar 23 20:01:36 2023 +0530

    raghu file is created

commit b2cc942e3454466a7d92a5e6ef51290857f9e50d
Author: Raghu Ram <Raghu Ram>
Date:   Thu Mar 23 19:49:08 2023 +0530

    raghu file is created

C:\Users\varar\OneDrive\Desktop\git1>git reset 20d211c17968b0b9e7bc7d03f7d7927c3f6c3e4f

C:\Users\varar\OneDrive\Desktop\git1>git status
On branch master
Untracked files:
  (use "git add <file>..." to include in what will be committed)
        bhoju.txt

nothing added to commit but untracked files present (use "git add" to track)

C:\Users\varar\OneDrive\Desktop\git1>git log
commit 20d211c17968b0b9e7bc7d03f7d7927c3f6c3e4f (HEAD -> master)
Author: Raghu Ram <Raghu Ram>
Date:   Thu Mar 23 20:01:36 2023 +0530

    raghu file is created

commit b2cc942e3454466a7d92a5e6ef51290857f9e50d
Author: Raghu Ram <Raghu Ram>
Date:   Thu Mar 23 19:49:08 2023 +0530

    raghu file is created

C:\Users\varar\OneDrive\Desktop\git1>git stash
No local changes to save

C:\Users\varar\OneDrive\Desktop\git1>type null >ram.txt
The system cannot find the file specified.

C:\Users\varar\OneDrive\Desktop\git1>git status
On branch master
Untracked files:
  (use "git add <file>..." to include in what will be committed)
        bhoju.txt
        ram.txt

nothing added to commit but untracked files present (use "git add" to track)

C:\Users\varar\OneDrive\Desktop\git1>git stash
No local changes to save

C:\Users\varar\OneDrive\Desktop\git1>git add .

C:\Users\varar\OneDrive\Desktop\git1>git stash
Saved working directory and index state WIP on master: 20d211c raghu file is created

C:\Users\varar\OneDrive\Desktop\git1>git stash pop
On branch master
Changes to be committed:
  (use "git restore --staged <file>..." to unstage)
        new file:   bhoju.txt
        new file:   ram.txt

Dropped refs/stash@{0} (6da7ef248eaa744404edea4f0e8b24dff7e2d4d1)

C:\Users\varar\OneDrive\Desktop\git1>git commit -m "created"
[master 4761732] created
 2 files changed, 0 insertions(+), 0 deletions(-)
 create mode 100644 bhoju.txt
 create mode 100644 ram.txt

C:\Users\varar\OneDrive\Desktop\git1>git log
commit 4761732800a0724e5a1335261d115f8a3e3da586 (HEAD -> master)
Author: Raghu Ram <Raghu Ram>
Date:   Thu Mar 23 20:14:10 2023 +0530

    created

commit 20d211c17968b0b9e7bc7d03f7d7927c3f6c3e4f
Author: Raghu Ram <Raghu Ram>
Date:   Thu Mar 23 20:01:36 2023 +0530

    raghu file is created

commit b2cc942e3454466a7d92a5e6ef51290857f9e50d
Author: Raghu Ram <Raghu Ram>
Date:   Thu Mar 23 19:49:08 2023 +0530

    raghu file is created

C:\Users\varar\OneDrive\Desktop\git1>git remote add origin https://github.com/vararaghu002/community123.git

C:\Users\varar\OneDrive\Desktop\git1>git push origin master
info: please complete authentication in your browser...
Enumerating objects: 8, done.
Counting objects: 100% (8/8), done.
Delta compression using up to 16 threads
Compressing objects: 100% (5/5), done.
Writing objects: 100% (8/8), 671 bytes | 134.00 KiB/s, done.
Total 8 (delta 0), reused 0 (delta 0), pack-reused 0
To https://github.com/vararaghu002/community123.git
 * [new branch]      master -> master

C:\Users\varar\OneDrive\Desktop\git1>git clone https://github.com/vararaghu002/community123-1.git
Cloning into 'community123-1'...
remote: Enumerating objects: 8, done.
remote: Counting objects: 100% (8/8), done.
remote: Compressing objects: 100% (4/4), done.
remote: Total 8 (delta 1), reused 8 (delta 1), pack-reused 0
Receiving objects: 100% (8/8), done.
Resolving deltas: 100% (1/1), done.

C:\Users\varar\OneDrive\Desktop\git1>dir
 Volume in drive C is OS
 Volume Serial Number is AC04-D573

 Directory of C:\Users\varar\OneDrive\Desktop\git1

03/23/2023  08:24 PM    <DIR>          .
03/23/2023  07:36 PM    <DIR>          ..
03/23/2023  08:13 PM                 0 bhoju.txt
03/23/2023  08:24 PM    <DIR>          community123-1
03/23/2023  07:52 PM                16 raghu.txt
03/23/2023  07:51 PM                 0 rah.txt
03/23/2023  08:13 PM                 0 ram.txt
               4 File(s)             16 bytes
               3 Dir(s)  188,345,954,304 bytes free

C:\Users\varar\OneDrive\Desktop\git1>git remote -v
origin  https://github.com/vararaghu002/community123.git (fetch)
origin  https://github.com/vararaghu002/community123.git (push)

C:\Users\varar\OneDrive\Desktop\git1>cd community123
The system cannot find the path specified.

C:\Users\varar\OneDrive\Desktop\git1>cd C:\Users\varar\OneDrive\Desktop\git1\community123-1

C:\Users\varar\OneDrive\Desktop\git1\community123-1>echo hi rahmath >rahmath

C:\Users\varar\OneDrive\Desktop\git1\community123-1>git status
On branch master
Your branch is up to date with 'origin/master'.

Untracked files:
  (use "git add <file>..." to include in what will be committed)
        rahmath

nothing added to commit but untracked files present (use "git add" to track)

C:\Users\varar\OneDrive\Desktop\git1\community123-1>git add .

C:\Users\varar\OneDrive\Desktop\git1\community123-1>git commit -m "hi"
[master 3005db8] hi
 1 file changed, 1 insertion(+)
 create mode 100644 rahmath

C:\Users\varar\OneDrive\Desktop\git1\community123-1>git log
commit 3005db8e716fb99688b0225ce9f5cdc646475507 (HEAD -> master)
Author: Raghu Ram <Raghu Ram>
Date:   Thu Mar 23 20:31:29 2023 +0530

    hi

commit 0f040191e3990cf91732a20a19129357752ad8a9 (origin/master, origin/HEAD)
Author: Rahmathmohd <rahmathmohd1654@gmail.com>
Date:   Thu Mar 23 20:14:02 2023 +0530

    rahmath is created

commit f35722d10e193e3c896bf27c1c205aad5ca488d6
Author: Rahmathmohd <rahmathmohd1654@gmail.com>
Date:   Thu Mar 23 20:01:28 2023 +0530

    bhoju file added again

commit 2744b1d01073edc43959ae83b30eff6c94f20a00
Author: Rahmathmohd <rahmathmohd1654@gmail.com>
Date:   Thu Mar 23 19:46:03 2023 +0530

    raghu.txt file is created

C:\Users\varar\OneDrive\Desktop\git1\community123-1>git remote add upstream https://github.com/rahmathkhasim/community123

C:\Users\varar\OneDrive\Desktop\git1\community123-1>git remote -v
origin  https://github.com/vararaghu002/community123-1.git (fetch)
origin  https://github.com/vararaghu002/community123-1.git (push)
upstream        https://github.com/rahmathkhasim/community123 (fetch)
upstream        https://github.com/rahmathkhasim/community123 (push)

C:\Users\varar\OneDrive\Desktop\git1\community123-1>git branch raghuram

C:\Users\varar\OneDrive\Desktop\git1\community123-1>git checkout raghuram
Switched to branch 'raghuram'

C:\Users\varar\OneDrive\Desktop\git1\community123-1>
